// Jest Snapshot v1, https://goo.gl/fbAQLP

exports[`index.js SnapShot test Menu component Match SnapShot 1`] = `
<div
  className="fullWidth fullHeight"
>
  <div>
    <div
      className="undefined navigationBar fullWidth flex center alignCenter"
      onClick={[Function]}
    >
      <p>
        RETURN MENU
      </p>
    </div>
    <div
      className="App"
      style={
        Object {
          "alignItems": "center",
          "animation": "gradientBackground 20s infinite",
          "backgroundColor": "rgb(33, 35, 46)",
          "backgroundSize": "100% 100%",
          "color": "white",
          "display": "flex",
          "flexDirection": "column",
          "fontSize": "calc(10px + 2vmin)",
          "height": "100%",
          "overflow": "hidden",
        }
      }
    >
      <p
        align="center"
      >
        Waiting for host to start the game
      </p>
      <div
        className="react-dots-loader"
        color={null}
        size={null}
        style={
          Object {
            "display": "inline-block",
          }
        }
      >
        <div
          className="  react-dots-loader__circle  react-dots-loader__circle--one"
          style={
            Object {
              "background": "white",
              "display": "inline-block",
              "height": 18,
              "marginLeft": 0,
              "width": 18,
            }
          }
        />
        <div
          className="  react-dots-loader__circle  react-dots-loader__circle--two"
          style={
            Object {
              "background": "white",
              "display": "inline-block",
              "height": 18,
              "marginLeft": 10,
              "width": 18,
            }
          }
        />
        <div
          className="  react-dots-loader__circle  react-dots-loader__circle--three"
          style={
            Object {
              "background": "white",
              "display": "inline-block",
              "height": 18,
              "marginLeft": 10,
              "width": 18,
            }
          }
        />
      </div>
      <p>
        Room : 
      </p>
      <div>
        <div>
          Players in this room :
        </div>
      </div>
    </div>
  </div>
</div>
`;
