// Jest Snapshot v1, https://goo.gl/fbAQLP

exports[`OnlineListPopup Snapshot test Popup render match the shot 1`] = `
<div
  className="[object Object] fullHeight absolute fullWidth flex center alignCenter"
  style={
    Object {
      "zIndex": 100,
    }
  }
>
  <div
    className="flex center column  alignCenter [object Object]"
    style={
      Object {
        "padding": "10px",
      }
    }
  >
    <div
      className={
        Object {
          "color": "white",
          "fontSize": "18px",
          "padding": 5,
        }
      }
      style={
        Object {
          "minHeight": "100px",
          "width": "200px",
        }
      }
    />
    <button
      className="flex center alignCenter [object Object]"
      onClick={[Function]}
    >
      OK
    </button>
  </div>
</div>
`;
